<?xml version="1.0" encoding="utf-8"?>
<factura id="comprobante" version="1.1.0">
  <infoTributaria>
    <ambiente>1</ambiente>
    <tipoEmision>1</tipoEmision>
    <razonSocial>Francisco Israel Teneda Gallardo</razonSocial>
    <nombreComercial>israteneda</nombreComercial>
    <ruc>0503501215001</ruc>
    <claveAcceso>2303202101050350121500110010020000000204153076118</claveAcceso>
    <codDoc>01</codDoc>
    <estab>001</estab>
    <ptoEmi>002</ptoEmi>
    <secuencial>000000020</secuencial>
    <dirMatriz>Rio Tigre y Rio Ana Tenorio, Salcedo, Cotopaxi</dirMatriz>
  </infoTributaria>
  <infoFactura>
    <fechaEmision>23/03/2021</fechaEmision>
    <dirEstablecimiento>Rio Tigre y Rio Ana Tenorio, Salcedo, Cotopaxi</dirEstablecimiento>
    <obligadoContabilidad>NO</obligadoContabilidad>
    <tipoIdentificacionComprador>08</tipoIdentificacionComprador>
    <razonSocialComprador>ioet Inc.</razonSocialComprador>
    <identificacionComprador>47-10803393</identificacionComprador>
    <direccionComprador>1491 Cypress Drive. Suite #853. Pebble Beach, California 93953</direccionComprador>
    <totalSinImpuestos>600</totalSinImpuestos>
    <totalDescuento>0</totalDescuento>
    <totalConImpuestos>
      <totalImpuesto>
        <codigo>2</codigo>
        <codigoPorcentaje>0</codigoPorcentaje>
        <descuentoAdicional>0</descuentoAdicional>
        <baseImponible>0</baseImponible>
        <tarifa>0</tarifa>
        <valor>0</valor>
      </totalImpuesto>
    </totalConImpuestos>
    <propina>0</propina>
    <importeTotal>600</importeTotal>
    <moneda>DOLAR</moneda>
    <pagos>
      <pago>
        <formaPago>20</formaPago>
        <total>600</total>
        <plazo>0</plazo>
        <unidadTiempo>dias</unidadTiempo>
      </pago>
    </pagos>
    <valorRetIva>0</valorRetIva>
    <valorRetRenta>0</valorRetRenta>
  </infoFactura>
  <detalles>
    <detalle>
      <codigoPrincipal>831429900</codigoPrincipal>
      <descripcion>Otros Servicios de Diseño y Desarrollo de la Tecnología de la Información (IT) Para Redes y Sistemas, N.C.P. (831429900)</descripcion>
      <cantidad>1</cantidad>
      <precioUnitario>600</precioUnitario>
      <descuento>0</descuento>
      <precioTotalSinImpuesto>600</precioTotalSinImpuesto>
      <impuestos>
        <impuesto>
          <codigo>2</codigo>
          <codigoPorcentaje>0</codigoPorcentaje>
          <descuentoAdicional>0</descuentoAdicional>
          <baseImponible>0</baseImponible>
          <tarifa>0</tarifa>
          <valor>0</valor>
        </impuesto>
      </impuestos>
    </detalle>
  </detalles>
</factura>
